[tartirutu.online/rota/front/indexab0e.html]
[external.html]
[backblue.gif]
[fade.gif]
[tartirutu.online/rota/front/css/style.css]
[index.html]
[cdn.jsdelivr.net/gh/xTracky/static@latest/utm-handler.js]
[cdn.utmify.com.br/scripts/utms/latest.js]
[tartirutu.online/rota/front/images/p-saldo.svg]
[cdn.utmify.com.br/scripts/pixel/pixel-tiktok.js]
[tartirutu.online/rota/front/images/pix-logo.svg]
[tartirutu.online/rota/front/images/parabens-img.png]
[tartirutu.online/rota/front/images/p-dia.svg]
[tartirutu.online/rota/front/images/fi-bs-check.svg]
[tartirutu.online/rota/front/images/p-assista.svg]
[tartirutu.online/rota/front/images/gol.png]
[tartirutu.online/rota/front/images/p-saldo-maior.png]
[tartirutu.online/rota/front/images/fi-rs-credit-card.png]
[tartirutu.online/rota/front/images/flor.png]
[tartirutu.online/rota/front/images/pix-solo.svg]
[tartirutu.online/rota/front/images/logotiktok.png]
[tartirutu.online/rota/front/window.location.href]
[tartirutu.online/rota/front/urlDestino]
[tartirutu.online/rota/front/images/bacen.png]
[tartirutu.online/rota/front/images/gov-br.webp]
[tartirutu.online/rota/front/images/receitafederal.png]
[tartirutu.online/rota/front/index.html]
[tartirutu.online/rota/front/js/main.js]
[tartirutu.online/rota/front/indexab0e.html]
[tartirutu.online/rota/front/css/style.css]
[tartirutu.online/rota/front/images/p-saldo.svg]
[tartirutu.online/rota/front/images/pix-logo.svg]
[tartirutu.online/rota/front/images/p-dia.svg]
[tartirutu.online/rota/front/images/fi-bs-check.svg]
[tartirutu.online/rota/front/images/p-assista.svg]
[tartirutu.online/rota/front/images/pix-solo.svg]
[tartirutu.online/rota/front/window.location.html]
[tartirutu.online/rota/front/urlDestino.html]
[tartirutu.online/rota/front/index.html]
[tartirutu.online/rota/front/js/main.js]
